// Jest Snapshot v1, https://goo.gl/fbAQLP

exports[`prueb para el componente <GifGridItem/> debe mostrar el componente correctamente 1`] = `
<div
  className="card animate__animated animate__fadeIn"
>
  <img
    alt="opm GIF"
    src="https://media0.giphy.com/media/oxbNORcXx76F2/giphy.gif?cid=ed0298b533ss8ce6vzekx98hbb4mlh4k8pvhahiumjlgdlje&rid=giphy.gif"
  />
  <p>
    opm GIF
  </p>
</div>
`;
